[Licensing::Module] Trying to connect to existing licensing client channel...
Built from '6000.4/staging' branch; Version is '6000.4.5f1 (cc83ebd631f8) revision 13403115'; Using compiler version '194234433'; Build Type 'Release'
[Licensing::IpcConnector] Successfully connected to: "LicenseClient-USER" at "2026-06-15T05:12:55.8591681Z"
OS: 'Windows 11  (10.0.26200) Core' Language: 'ko' Physical Memory: 16318 MB
BatchMode: 1, IsHumanControllingUs: 0, StartBugReporterOnCrash: 0, Is64bit: 1
System  architecture: x64
Process architecture: x64
Date: 2026-06-15T05:12:55Z

COMMAND LINE ARGUMENTS:
C:\Program Files\Unity\Hub\Editor\6000.4.5f1\Editor\Unity.exe
-quit
-batchmode
-projectPath
c:\Users\USER\Survivor
-executeMethod
VercelBuildHelper.PerformWebGLBuild
-logFile
c:\Users\USER\Survivor\build.log
Successfully changed project path to: c:\Users\USER\Survivor
C:/Users/USER/Survivor
Exiting without the bug reporter. Application will terminate with return code 1